\BOOKMARK [0][-]{chapter.1}{\376\377\176\352\213\272}{}% 1
\BOOKMARK [1][-]{section.1.1}{\376\377\170\024\172\166\200\314\146\157\123\312\141\017\116\111}{chapter.1}% 2
\BOOKMARK [1][-]{section.1.2}{\376\377\126\375\121\205\131\026\170\024\172\166\163\260\162\266}{chapter.1}% 3
\BOOKMARK [1][-]{section.1.3}{\376\377\116\073\211\201\170\024\172\166\121\205\133\271\116\016\176\304\176\307\176\323\147\204}{chapter.1}% 4
\BOOKMARK [0][-]{chapter.2}{\376\377\121\227\117\131\147\072\150\260\201\302\152\041\127\213\136\372\172\313}{}% 5
\BOOKMARK [1][-]{section.2.1}{\376\377\151\202\217\360}{chapter.2}% 6
\BOOKMARK [1][-]{section.2.2}{\376\377\153\143\217\320\122\250\133\146\152\041\127\213\136\372\172\313}{chapter.2}% 7
\BOOKMARK [1][-]{section.2.3}{\376\377\226\305\123\357\153\324\167\351\226\065}{chapter.2}% 8
\BOOKMARK [1][-]{section.2.4}{\376\377\122\250\122\233\133\146\136\372\152\041}{chapter.2}% 9
\BOOKMARK [1][-]{section.2.5}{\376\377\134\017\176\323}{chapter.2}% 10
\BOOKMARK [0][-]{chapter.3}{\376\377\122\233\000-\117\115\155\367\124\010\143\247\122\066\173\227\154\325\170\024\172\166}{}% 11
\BOOKMARK [1][-]{section.3.1}{\376\377\122\233\000-\117\115\155\367\124\010\143\247\122\066}{chapter.3}% 12
\BOOKMARK [1][-]{section.3.2}{\376\377\000P\000I\000D\143\247\122\066\126\150\213\276\213\241}{chapter.3}% 13
\BOOKMARK [1][-]{section.3.3}{\376\377\134\017\176\323}{chapter.3}% 14
\BOOKMARK [0][-]{chapter.4}{\376\377\121\227\117\131\147\072\150\260\201\302\122\233\117\115\155\367\124\010\143\247\122\066\116\377\167\037}{}% 15
\BOOKMARK [1][-]{section.4.1}{\376\377\151\202\217\360}{chapter.4}% 16
\BOOKMARK [1][-]{section.4.2}{\376\377\116\377\167\037\163\257\130\203\116\313\176\315}{chapter.4}% 17
\BOOKMARK [1][-]{section.4.3}{\376\377\147\072\126\150\116\272\143\247\122\066\174\373\176\337\116\377\167\037}{chapter.4}% 18
\BOOKMARK [1][-]{section.4.4}{\376\377\122\233\117\115\155\367\124\010\143\247\122\066\133\236\232\214\116\016\176\323\147\234}{chapter.4}% 19
\BOOKMARK [1][-]{section.4.5}{\376\377\134\017\176\323}{chapter.4}% 20
\BOOKMARK [0][-]{chapter.5}{\376\377\140\073\176\323\116\016\134\125\147\033}{}% 21
\BOOKMARK [1][-]{section.5.1}{\376\377\170\024\172\166\140\073\176\323}{chapter.5}% 22
\BOOKMARK [1][-]{section.5.2}{\376\377\135\345\117\134\134\125\147\033}{chapter.5}% 23
\BOOKMARK [0][-]{section.5.2}{\376\377\201\364\214\042}{}% 24
\BOOKMARK [0][-]{section.5.2}{\376\377\123\302\200\003\145\207\163\056}{}% 25
